Hello, World!
cell/MBFF2x2.txt
Available CPU cores: 16
MM25_1 num_finger: 2
MM19_1 num_finger: 1
MM18_1 num_finger: 1
MM15_1 num_finger: 1
MM13_1 num_finger: 1
MM7_1 num_finger: 1
MM11_1 num_finger: 1
MM10_1 num_finger: 1
MM22_1 num_finger: 1
MM1_1 num_finger: 1
MM3_1 num_finger: 1
MM21_1 num_finger: 1
MM25_2 num_finger: 2
MM19_2 num_finger: 1
MM18_2 num_finger: 1
MM15_2 num_finger: 1
MM13_2 num_finger: 1
MM7_2 num_finger: 1
MM11_2 num_finger: 1
MM10_2 num_finger: 1
MM1_2 num_finger: 1
MM3_2 num_finger: 1
MM24_1 num_finger: 2
MM17_1 num_finger: 1
MM16_1 num_finger: 1
MM14_1 num_finger: 1
MM12_1 num_finger: 1
MM6_1 num_finger: 1
MM9_1 num_finger: 1
MM8_1 num_finger: 1
MM23_1 num_finger: 1
MM5_1 num_finger: 1
MM4_1 num_finger: 1
MM20_1 num_finger: 1
MM24_2 num_finger: 2
MM17_2 num_finger: 1
MM16_2 num_finger: 1
MM14_2 num_finger: 1
MM12_2 num_finger: 1
MM6_2 num_finger: 1
MM9_2 num_finger: 1
MM8_2 num_finger: 1
MM5_2 num_finger: 1
MM4_2 num_finger: 1
#tr/#net: 44/29
nets: 
pd2_2
pd4_2
net29_2
net37_2
pd5_2
net32_2
pd1_2
pu1_1
pd2_1
pd4_1
pd3_1
pd1_1
CLK
pu1_2
net15_1
D1
net29_1
D2
QN2
clkn
pd3_2
pd5_1
QN1
net32_1
net37_1
net15_2
clkb
compound_gates: 

MM7_2
MM6_2

MM15_2
MM14_2

MM18_2
MM17_2

MM10_1
MM1_1
MM9_1
MM4_1

MM7_1
MM6_1

MM25_2
MM24_2

MM21_1
MM20_1

MM25_1
MM24_1

MM18_1
MM17_1

MM15_1
MM14_1

MM10_2
MM1_2
MM9_2
MM4_2

MM22_1
MM23_1

transmission_gates: 

MM13_1
MM12_1

MM13_2
MM12_2
p-network: 
MM7_2
n-network: 
MM6_2

MM7_2 MM6_2 2
MM6_2 pref MM7_2
MM7_2 pref MM6_2
MM6_2 propose #0
MM6_2 match MM7_2
[matching result]
MM7_2 <-> MM6_2
p-network: 
MM15_2
n-network: 
MM14_2

MM15_2 MM14_2 2
MM14_2 pref MM15_2
MM15_2 pref MM14_2
MM14_2 propose #0
MM14_2 match MM15_2
[matching result]
MM15_2 <-> MM14_2
p-network: 
MM18_2
MM19_2
n-network: 
MM17_2
MM16_2

MM18_2 MM17_2 -2
MM18_2 MM16_2 -3
MM19_2 MM17_2 -3
MM19_2 MM16_2 0
MM17_2 pref MM18_2
MM17_2 pref MM19_2
MM16_2 pref MM19_2
MM16_2 pref MM18_2
MM18_2 pref MM17_2
MM18_2 pref MM16_2
MM19_2 pref MM16_2
MM19_2 pref MM17_2
MM17_2 propose #0
MM17_2 match MM18_2
MM16_2 propose #0
MM16_2 match MM19_2
[matching result]
MM18_2 <-> MM17_2
MM19_2 <-> MM16_2
p-network: 
MM10_1
MM11_1
MM1_1
MM3_1
n-network: 
MM9_1
MM8_1
MM4_1
MM5_1

MM10_1 MM9_1 -2
MM10_1 MM8_1 -3
MM10_1 MM4_1 -2
MM10_1 MM5_1 -5
MM11_1 MM9_1 -3
MM11_1 MM8_1 0
MM11_1 MM4_1 -5
MM11_1 MM5_1 -4
MM1_1 MM9_1 -2
MM1_1 MM8_1 -5
MM1_1 MM4_1 -2
MM1_1 MM5_1 -3
MM3_1 MM9_1 -5
MM3_1 MM8_1 -4
MM3_1 MM4_1 -3
MM3_1 MM5_1 0
MM9_1 pref MM10_1
MM9_1 pref MM1_1
MM9_1 pref MM11_1
MM9_1 pref MM3_1
MM8_1 pref MM11_1
MM8_1 pref MM10_1
MM8_1 pref MM3_1
MM8_1 pref MM1_1
MM4_1 pref MM10_1
MM4_1 pref MM1_1
MM4_1 pref MM3_1
MM4_1 pref MM11_1
MM5_1 pref MM3_1
MM5_1 pref MM1_1
MM5_1 pref MM11_1
MM5_1 pref MM10_1
MM10_1 pref MM9_1
MM10_1 pref MM4_1
MM10_1 pref MM8_1
MM10_1 pref MM5_1
MM11_1 pref MM8_1
MM11_1 pref MM9_1
MM11_1 pref MM5_1
MM11_1 pref MM4_1
MM1_1 pref MM9_1
MM1_1 pref MM4_1
MM1_1 pref MM5_1
MM1_1 pref MM8_1
MM3_1 pref MM5_1
MM3_1 pref MM4_1
MM3_1 pref MM8_1
MM3_1 pref MM9_1
MM9_1 propose #0
MM9_1 match MM10_1
MM8_1 propose #0
MM8_1 match MM11_1
MM4_1 propose #0
MM5_1 propose #0
MM5_1 match MM3_1
MM4_1 propose #1
MM4_1 match MM1_1
[matching result]
MM10_1 <-> MM9_1
MM11_1 <-> MM8_1
MM1_1 <-> MM4_1
MM3_1 <-> MM5_1
p-network: 
MM7_1
n-network: 
MM6_1

MM7_1 MM6_1 2
MM6_1 pref MM7_1
MM7_1 pref MM6_1
MM6_1 propose #0
MM6_1 match MM7_1
[matching result]
MM7_1 <-> MM6_1
p-network: 
MM25_2
n-network: 
MM24_2

MM25_2 MM24_2 2
MM24_2 pref MM25_2
MM25_2 pref MM24_2
MM24_2 propose #0
MM24_2 match MM25_2
[matching result]
MM25_2 <-> MM24_2
p-network: 
MM21_1
n-network: 
MM20_1

MM21_1 MM20_1 2
MM20_1 pref MM21_1
MM21_1 pref MM20_1
MM20_1 propose #0
MM20_1 match MM21_1
[matching result]
MM21_1 <-> MM20_1
p-network: 
MM25_1
n-network: 
MM24_1

MM25_1 MM24_1 2
MM24_1 pref MM25_1
MM25_1 pref MM24_1
MM24_1 propose #0
MM24_1 match MM25_1
[matching result]
MM25_1 <-> MM24_1
p-network: 
MM18_1
MM19_1
n-network: 
MM17_1
MM16_1

MM18_1 MM17_1 -2
MM18_1 MM16_1 -3
MM19_1 MM17_1 -3
MM19_1 MM16_1 0
MM17_1 pref MM18_1
MM17_1 pref MM19_1
MM16_1 pref MM19_1
MM16_1 pref MM18_1
MM18_1 pref MM17_1
MM18_1 pref MM16_1
MM19_1 pref MM16_1
MM19_1 pref MM17_1
MM17_1 propose #0
MM17_1 match MM18_1
MM16_1 propose #0
MM16_1 match MM19_1
[matching result]
MM18_1 <-> MM17_1
MM19_1 <-> MM16_1
p-network: 
MM15_1
n-network: 
MM14_1

MM15_1 MM14_1 2
MM14_1 pref MM15_1
MM15_1 pref MM14_1
MM14_1 propose #0
MM14_1 match MM15_1
[matching result]
MM15_1 <-> MM14_1
p-network: 
MM10_2
MM11_2
MM1_2
MM3_2
n-network: 
MM9_2
MM8_2
MM4_2
MM5_2

MM10_2 MM9_2 -2
MM10_2 MM8_2 -3
MM10_2 MM4_2 -2
MM10_2 MM5_2 -5
MM11_2 MM9_2 -3
MM11_2 MM8_2 0
MM11_2 MM4_2 -5
MM11_2 MM5_2 -4
MM1_2 MM9_2 -2
MM1_2 MM8_2 -5
MM1_2 MM4_2 -2
MM1_2 MM5_2 -3
MM3_2 MM9_2 -5
MM3_2 MM8_2 -4
MM3_2 MM4_2 -3
MM3_2 MM5_2 0
MM9_2 pref MM10_2
MM9_2 pref MM1_2
MM9_2 pref MM11_2
MM9_2 pref MM3_2
MM8_2 pref MM11_2
MM8_2 pref MM10_2
MM8_2 pref MM3_2
MM8_2 pref MM1_2
MM4_2 pref MM10_2
MM4_2 pref MM1_2
MM4_2 pref MM3_2
MM4_2 pref MM11_2
MM5_2 pref MM3_2
MM5_2 pref MM1_2
MM5_2 pref MM11_2
MM5_2 pref MM10_2
MM10_2 pref MM9_2
MM10_2 pref MM4_2
MM10_2 pref MM8_2
MM10_2 pref MM5_2
MM11_2 pref MM8_2
MM11_2 pref MM9_2
MM11_2 pref MM5_2
MM11_2 pref MM4_2
MM1_2 pref MM9_2
MM1_2 pref MM4_2
MM1_2 pref MM5_2
MM1_2 pref MM8_2
MM3_2 pref MM5_2
MM3_2 pref MM4_2
MM3_2 pref MM8_2
MM3_2 pref MM9_2
MM9_2 propose #0
MM9_2 match MM10_2
MM8_2 propose #0
MM8_2 match MM11_2
MM4_2 propose #0
MM5_2 propose #0
MM5_2 match MM3_2
MM4_2 propose #1
MM4_2 match MM1_2
[matching result]
MM10_2 <-> MM9_2
MM11_2 <-> MM8_2
MM1_2 <-> MM4_2
MM3_2 <-> MM5_2
p-network: 
MM22_1
n-network: 
MM23_1

MM22_1 MM23_1 2
MM23_1 pref MM22_1
MM22_1 pref MM23_1
MM23_1 propose #0
MM23_1 match MM22_1
[matching result]
MM22_1 <-> MM23_1
pairs: 
MM15_1 MM14_1
MM25_1 MM24_1
MM13_2 MM12_2
MM13_1 MM12_1
MM7_2 MM6_2
MM18_1 MM17_1
MM15_2 MM14_2
MM19_1 MM16_1
MM18_2 MM17_2
MM19_2 MM16_2
MM21_1 MM20_1
MM10_2 MM9_2
MM11_1 MM8_1
MM22_1 MM23_1
MM1_2 MM4_2
MM10_1 MM9_1
MM25_2 MM24_2
MM3_2 MM5_2
MM1_1 MM4_1
MM3_1 MM5_1
MM11_2 MM8_2
MM7_1 MM6_1
[matching result]
[folding_shape_generation]
[placement]
total_finger: 24
expected #row: 2
outputs.size(): 2
QN1
output mos: MM25_1
QN2
output mos: MM25_2
inputs.size(): 3
CLK
input mos: MM21_1
D1
input mos: MM3_1
D2
input mos: MM3_2
[ungrouped_pmos]
MM19_1
MM18_1
MM15_1
MM13_1
MM7_1
MM11_1
MM10_1
MM22_1
MM1_1
MM3_1
MM21_1
MM19_2
MM18_2
MM15_2
MM13_2
MM7_2
MM11_2
MM10_2
MM1_2
MM3_2
group: 
MM25_1
MM18_1
MM13_1
MM15_1
MM19_1
MM7_1
MM10_1
MM11_1
MM1_2
MM3_2
MM3_1
hello group_placement
target_area: 12
BFS Time taken : 0.0165543
Time taken : 0.0166508 seconds
target_area: 13
BFS Time taken : 1.06536
bfs total time: 1.08191
dfs total time: 3.5206e-05
number of cell: 288
group: 
MM25_2
MM18_2
MM13_2
MM22_1
MM21_1
MM15_2
MM1_1
MM10_2
MM7_2
MM11_2
MM19_2
hello group_placement
target_area: 12
BFS Time taken : 0.0139131
Time taken : 0.01402 seconds
target_area: 13
BFS Time taken : 0.834261
Time taken : 0.83891 seconds
target_area: 14
BFS Time taken : 1.7406
Time taken : 22.2893 seconds
bfs total time: 2.58877
dfs total time: 20.5436
number of cell: 3456
HPML: 0
HPML: 0
Set 1 intersecting elements: clkn clkb net15_1 pd1_1 pu1_1 net15_2 
Set 2 intersecting elements: clkn clkb net15_1 pd1_1 pu1_1 net15_2 
Row 0: 
hello print_shape
MM5_1   MM24_1  MM24_1  MM5_2   MM4_2           MM14_1  MM16_1  MM17_1  MM12_1  MM6_1   MM8_1   MM9_1   
--
MM3_1   MM25_1  MM25_1  MM3_2   MM1_2           MM15_1  MM19_1  MM18_1  MM13_1  MM7_1   MM11_1  MM10_1  
pd1_1   D1      VSS     VSS     net32_1 QN1     QN1     net32_1 VSS     VSS     D2      pd1_2   pd1_2   clkn    net15_2 ------------------------net37_1 net32_1 VSS     VSS     net37_1 pd5_1   pd5_1   clkn    net32_1 net32_1 clkb    net29_1 net29_1 net15_1 VSS     VSS     net29_1 pd3_1   pd3_1   clkb    net15_1 
--
pu1_1   D1      VDD     VDD     net32_1 QN1     QN1     net32_1 VDD     VDD     D2      pu1_2   pu1_2   clkb    net15_2 ------------------------net37_1 net32_1 VDD     VDD     net37_1 pd4_1   pd4_1   clkb    net32_1 net32_1 clkn    net29_1 net29_1 net15_1 VDD     VDD     net29_1 pd2_1   pd2_1   clkn    net15_1 
pd1_1   D1      VSS     net32_1 QN1     net32_1 VSS     D2      pd1_2   clkn    net15_2 Null    net37_1 net32_1 VSS     net37_1 pd5_1   clkn    net32_1 clkb    net29_1 net15_1 VSS     net29_1 pd3_1   clkb    net15_1 

pu1_1   D1      VDD     net32_1 QN1     net32_1 VDD     D2      pu1_2   clkb    net15_2 Null    net37_1 net32_1 VDD     net37_1 pd4_1   clkb    net32_1 clkn    net29_1 net15_1 VDD     net29_1 pd2_1   clkn    net15_1 

HSP: 80
HCD: 3
Row 1: 
hello print_shape
MM4_1           MM20_1  MM23_1          MM9_2   MM8_2   MM6_2   MM12_2  MM17_2  MM16_2  MM24_2  MM24_2  MM14_2  
--
MM1_1           MM21_1  MM22_1          MM10_2  MM11_2  MM7_2   MM13_2  MM18_2  MM19_2  MM25_2  MM25_2  MM15_2  
pd1_1   clkn    net15_1 ------------------------clkn    CLK     VSS     VSS     clkn    clkb    ------------------------net15_2 clkb    pd3_2   pd3_2   net29_2 VSS     VSS     net15_2 net29_2 net29_2 clkb    net32_2 net32_2 clkn    pd5_2   pd5_2   net37_2 VSS     VSS     net32_2 QN2     QN2     net32_2 VSS     VSS     net32_2 net37_2 
--
pu1_1   clkb    net15_1 ------------------------clkn    CLK     VDD     VDD     clkn    clkb    ------------------------net15_2 clkn    pd2_2   pd2_2   net29_2 VDD     VDD     net15_2 net29_2 net29_2 clkn    net32_2 net32_2 clkb    pd4_2   pd4_2   net37_2 VDD     VDD     net32_2 QN2     QN2     net32_2 VDD     VDD     net32_2 net37_2 
pd1_1   clkn    net15_1 Null    clkn    CLK     VSS     clkn    clkb    Null    net15_2 clkb    pd3_2   net29_2 VSS     net15_2 net29_2 clkb    net32_2 clkn    pd5_2   net37_2 VSS     net32_2 QN2     net32_2 VSS     net32_2 net37_2 

pu1_1   clkb    net15_1 Null    clkn    CLK     VDD     clkn    clkb    Null    net15_2 clkn    pd2_2   net29_2 VDD     net15_2 net29_2 clkn    net32_2 clkb    pd4_2   net37_2 VDD     net32_2 QN2     net32_2 VDD     net32_2 net37_2 

HSP: 106
HCD: 4
hello placement_merging
0 1 0 0 
score: 123
hello print_shape
MM5_1   MM24_1  MM24_1  MM5_2   MM4_2           MM14_1  MM16_1  MM17_1  MM12_1  MM6_1   MM8_1   MM9_1           
MM4_1           MM20_1  MM23_1          MM9_2   MM8_2   MM6_2   MM12_2  MM17_2  MM16_2  MM24_2  MM24_2  MM14_2  
--
MM3_1   MM25_1  MM25_1  MM3_2   MM1_2           MM15_1  MM19_1  MM18_1  MM13_1  MM7_1   MM11_1  MM10_1          
MM1_1           MM21_1  MM22_1          MM10_2  MM11_2  MM7_2   MM13_2  MM18_2  MM19_2  MM25_2  MM25_2  MM15_2  
pd1_1   D1      VSS     VSS     net32_1 QN1     QN1     net32_1 VSS     VSS     D2      pd1_2   pd1_2   clkn    net15_2 ------------------------net37_1 net32_1 VSS     VSS     net37_1 pd5_1   pd5_1   clkn    net32_1 net32_1 clkb    net29_1 net29_1 net15_1 VSS     VSS     net29_1 pd3_1   pd3_1   clkb    net15_1 ------------------------
pd1_1   clkn    net15_1 ------------------------clkn    CLK     VSS     VSS     clkn    clkb    ------------------------net15_2 clkb    pd3_2   pd3_2   net29_2 VSS     VSS     net15_2 net29_2 net29_2 clkb    net32_2 net32_2 clkn    pd5_2   pd5_2   net37_2 VSS     VSS     net32_2 QN2     QN2     net32_2 VSS     VSS     net32_2 net37_2 
--
pu1_1   D1      VDD     VDD     net32_1 QN1     QN1     net32_1 VDD     VDD     D2      pu1_2   pu1_2   clkb    net15_2 ------------------------net37_1 net32_1 VDD     VDD     net37_1 pd4_1   pd4_1   clkb    net32_1 net32_1 clkn    net29_1 net29_1 net15_1 VDD     VDD     net29_1 pd2_1   pd2_1   clkn    net15_1 ------------------------
pu1_1   clkb    net15_1 ------------------------clkn    CLK     VDD     VDD     clkn    clkb    ------------------------net15_2 clkn    pd2_2   pd2_2   net29_2 VDD     VDD     net15_2 net29_2 net29_2 clkn    net32_2 net32_2 clkb    pd4_2   pd4_2   net37_2 VDD     VDD     net32_2 QN2     QN2     net32_2 VDD     VDD     net32_2 net37_2 
pd1_1   D1      VSS     net32_1 QN1     net32_1 VSS     D2      pd1_2   clkn    net15_2 Null    net37_1 net32_1 VSS     net37_1 pd5_1   clkn    net32_1 clkb    net29_1 net15_1 VSS     net29_1 pd3_1   clkb    net15_1 Null    Null    
pd1_1   clkn    net15_1 Null    clkn    CLK     VSS     clkn    clkb    Null    net15_2 clkb    pd3_2   net29_2 VSS     net15_2 net29_2 clkb    net32_2 clkn    pd5_2   net37_2 VSS     net32_2 QN2     net32_2 VSS     net32_2 net37_2 

pu1_1   D1      VDD     net32_1 QN1     net32_1 VDD     D2      pu1_2   clkb    net15_2 Null    net37_1 net32_1 VDD     net37_1 pd4_1   clkb    net32_1 clkn    net29_1 net15_1 VDD     net29_1 pd2_1   clkn    net15_1 Null    Null    
pu1_1   clkb    net15_1 Null    clkn    CLK     VDD     clkn    clkb    Null    net15_2 clkn    pd2_2   net29_2 VDD     net15_2 net29_2 clkn    net32_2 clkb    pd4_2   net37_2 VDD     net32_2 QN2     net32_2 VDD     net32_2 net37_2 

area: 28
hpml: 123
#inter-row signals: 6
total density: 1052
cost: 923
hello print_shape
MM5_1   MM24_1  MM24_1  MM5_2   MM4_2           MM14_1  MM16_1  MM17_1  MM12_1  MM6_1   MM8_1   MM9_1           
MM4_1           MM20_1  MM23_1          MM9_2   MM8_2   MM6_2   MM12_2  MM17_2  MM16_2  MM24_2  MM24_2  MM14_2  
--
MM3_1   MM25_1  MM25_1  MM3_2   MM1_2           MM15_1  MM19_1  MM18_1  MM13_1  MM7_1   MM11_1  MM10_1          
MM1_1           MM21_1  MM22_1          MM10_2  MM11_2  MM7_2   MM13_2  MM18_2  MM19_2  MM25_2  MM25_2  MM15_2  
pd1_1   D1      VSS     VSS     net32_1 QN1     QN1     net32_1 VSS     VSS     D2      pd1_2   pd1_2   clkn    net15_2 ------------------------net37_1 net32_1 VSS     VSS     net37_1 pd5_1   pd5_1   clkn    net32_1 net32_1 clkb    net29_1 net29_1 net15_1 VSS     VSS     net29_1 pd3_1   pd3_1   clkb    net15_1 ------------------------
pd1_1   clkn    net15_1 ------------------------clkn    CLK     VSS     VSS     clkn    clkb    ------------------------net15_2 clkb    pd3_2   pd3_2   net29_2 VSS     VSS     net15_2 net29_2 net29_2 clkb    net32_2 net32_2 clkn    pd5_2   pd5_2   net37_2 VSS     VSS     net32_2 QN2     QN2     net32_2 VSS     VSS     net32_2 net37_2 
--
pu1_1   D1      VDD     VDD     net32_1 QN1     QN1     net32_1 VDD     VDD     D2      pu1_2   pu1_2   clkb    net15_2 ------------------------net37_1 net32_1 VDD     VDD     net37_1 pd4_1   pd4_1   clkb    net32_1 net32_1 clkn    net29_1 net29_1 net15_1 VDD     VDD     net29_1 pd2_1   pd2_1   clkn    net15_1 ------------------------
pu1_1   clkb    net15_1 ------------------------clkn    CLK     VDD     VDD     clkn    clkb    ------------------------net15_2 clkn    pd2_2   pd2_2   net29_2 VDD     VDD     net15_2 net29_2 net29_2 clkn    net32_2 net32_2 clkb    pd4_2   pd4_2   net37_2 VDD     VDD     net32_2 QN2     QN2     net32_2 VDD     VDD     net32_2 net37_2 
pd1_1   D1      VSS     net32_1 QN1     net32_1 VSS     D2      pd1_2   clkn    net15_2 Null    net37_1 net32_1 VSS     net37_1 pd5_1   clkn    net32_1 clkb    net29_1 net15_1 VSS     net29_1 pd3_1   clkb    net15_1 Null    Null    
pd1_1   clkn    net15_1 Null    clkn    CLK     VSS     clkn    clkb    Null    net15_2 clkb    pd3_2   net29_2 VSS     net15_2 net29_2 clkb    net32_2 clkn    pd5_2   net37_2 VSS     net32_2 QN2     net32_2 VSS     net32_2 net37_2 

pu1_1   D1      VDD     net32_1 QN1     net32_1 VDD     D2      pu1_2   clkb    net15_2 Null    net37_1 net32_1 VDD     net37_1 pd4_1   clkb    net32_1 clkn    net29_1 net15_1 VDD     net29_1 pd2_1   clkn    net15_1 Null    Null    
pu1_1   clkb    net15_1 Null    clkn    CLK     VDD     clkn    clkb    Null    net15_2 clkn    pd2_2   net29_2 VDD     net15_2 net29_2 clkn    net32_2 clkb    pd4_2   net37_2 VDD     net32_2 QN2     net32_2 VDD     net32_2 net37_2 

[initial] cost: 923
[epoch 0]
[final result] cost: 854
area: 28
hpml: 99
#inter-row signals: 3
total density: 1054
cost: 854
hello print_shape
MM24_1  MM24_1  MM5_2   MM4_2           MM14_1  MM16_1  MM17_1  MM12_1  MM6_1   MM8_1   MM9_1   MM4_1   MM5_1   
MM20_1  MM23_1          MM9_2   MM8_2   MM6_2   MM12_2  MM17_2  MM16_2  MM24_2  MM24_2  MM14_2                  
--
MM25_1  MM25_1  MM3_2   MM1_2           MM15_1  MM19_1  MM18_1  MM13_1  MM7_1   MM11_1  MM10_1  MM1_1   MM3_1   
MM21_1  MM22_1          MM10_2  MM11_2  MM7_2   MM13_2  MM18_2  MM19_2  MM25_2  MM25_2  MM15_2                  
VSS     net32_1 QN1     QN1     net32_1 VSS     VSS     D2      pd1_2   pd1_2   clkn    net15_2 ------------------------net37_1 net32_1 VSS     VSS     net37_1 pd5_1   pd5_1   clkn    net32_1 net32_1 clkb    net29_1 net29_1 net15_1 VSS     VSS     net29_1 pd3_1   pd3_1   clkb    net15_1 net15_1 clkn    pd1_1   pd1_1   D1      VSS     
clkn    CLK     VSS     VSS     clkn    clkb    ------------------------net15_2 clkb    pd3_2   pd3_2   net29_2 VSS     VSS     net15_2 net29_2 net29_2 clkb    net32_2 net32_2 clkn    pd5_2   pd5_2   net37_2 VSS     VSS     net32_2 QN2     QN2     net32_2 VSS     VSS     net32_2 net37_2 ------------------------------------------------
--
VDD     net32_1 QN1     QN1     net32_1 VDD     VDD     D2      pu1_2   pu1_2   clkb    net15_2 ------------------------net37_1 net32_1 VDD     VDD     net37_1 pd4_1   pd4_1   clkb    net32_1 net32_1 clkn    net29_1 net29_1 net15_1 VDD     VDD     net29_1 pd2_1   pd2_1   clkn    net15_1 net15_1 clkb    pu1_1   pu1_1   D1      VDD     
clkn    CLK     VDD     VDD     clkn    clkb    ------------------------net15_2 clkn    pd2_2   pd2_2   net29_2 VDD     VDD     net15_2 net29_2 net29_2 clkn    net32_2 net32_2 clkb    pd4_2   pd4_2   net37_2 VDD     VDD     net32_2 QN2     QN2     net32_2 VDD     VDD     net32_2 net37_2 ------------------------------------------------
VSS     net32_1 QN1     net32_1 VSS     D2      pd1_2   clkn    net15_2 Null    net37_1 net32_1 VSS     net37_1 pd5_1   clkn    net32_1 clkb    net29_1 net15_1 VSS     net29_1 pd3_1   clkb    net15_1 clkn    pd1_1   D1      VSS     
clkn    CLK     VSS     clkn    clkb    Null    net15_2 clkb    pd3_2   net29_2 VSS     net15_2 net29_2 clkb    net32_2 clkn    pd5_2   net37_2 VSS     net32_2 QN2     net32_2 VSS     net32_2 net37_2 Null    Null    Null    Null    

VDD     net32_1 QN1     net32_1 VDD     D2      pu1_2   clkb    net15_2 Null    net37_1 net32_1 VDD     net37_1 pd4_1   clkb    net32_1 clkn    net29_1 net15_1 VDD     net29_1 pd2_1   clkn    net15_1 clkb    pu1_1   D1      VDD     
clkn    CLK     VDD     clkn    clkb    Null    net15_2 clkn    pd2_2   net29_2 VDD     net15_2 net29_2 clkn    net32_2 clkb    pd4_2   net37_2 VDD     net32_2 QN2     net32_2 VDD     net32_2 net37_2 Null    Null    Null    Null    

[epoch 1]
[final result] cost: 852
area: 28
hpml: 97
#inter-row signals: 3
total density: 1066
cost: 852
hello print_shape
MM24_1  MM24_1  MM5_2   MM4_2           MM14_1  MM16_1  MM17_1  MM12_1  MM6_1   MM8_1   MM9_1   MM4_1   MM5_1   
MM20_1  MM23_1          MM9_2   MM8_2   MM6_2   MM12_2  MM17_2  MM16_2          MM14_2  MM24_2  MM24_2          
--
MM25_1  MM25_1  MM3_2   MM1_2           MM15_1  MM19_1  MM18_1  MM13_1  MM7_1   MM11_1  MM10_1  MM1_1   MM3_1   
MM21_1  MM22_1          MM10_2  MM11_2  MM7_2   MM13_2  MM18_2  MM19_2          MM15_2  MM25_2  MM25_2          
VSS     net32_1 QN1     QN1     net32_1 VSS     VSS     D2      pd1_2   pd1_2   clkn    net15_2 ------------------------net37_1 net32_1 VSS     VSS     net37_1 pd5_1   pd5_1   clkn    net32_1 net32_1 clkb    net29_1 net29_1 net15_1 VSS     VSS     net29_1 pd3_1   pd3_1   clkb    net15_1 net15_1 clkn    pd1_1   pd1_1   D1      VSS     
clkn    CLK     VSS     VSS     clkn    clkb    ------------------------net15_2 clkb    pd3_2   pd3_2   net29_2 VSS     VSS     net15_2 net29_2 net29_2 clkb    net32_2 net32_2 clkn    pd5_2   pd5_2   net37_2 VSS     ------------------------net37_2 net32_2 VSS     VSS     net32_2 QN2     QN2     net32_2 VSS     ------------------------
--
VDD     net32_1 QN1     QN1     net32_1 VDD     VDD     D2      pu1_2   pu1_2   clkb    net15_2 ------------------------net37_1 net32_1 VDD     VDD     net37_1 pd4_1   pd4_1   clkb    net32_1 net32_1 clkn    net29_1 net29_1 net15_1 VDD     VDD     net29_1 pd2_1   pd2_1   clkn    net15_1 net15_1 clkb    pu1_1   pu1_1   D1      VDD     
clkn    CLK     VDD     VDD     clkn    clkb    ------------------------net15_2 clkn    pd2_2   pd2_2   net29_2 VDD     VDD     net15_2 net29_2 net29_2 clkn    net32_2 net32_2 clkb    pd4_2   pd4_2   net37_2 VDD     ------------------------net37_2 net32_2 VDD     VDD     net32_2 QN2     QN2     net32_2 VDD     ------------------------
VSS     net32_1 QN1     net32_1 VSS     D2      pd1_2   clkn    net15_2 Null    net37_1 net32_1 VSS     net37_1 pd5_1   clkn    net32_1 clkb    net29_1 net15_1 VSS     net29_1 pd3_1   clkb    net15_1 clkn    pd1_1   D1      VSS     
clkn    CLK     VSS     clkn    clkb    Null    net15_2 clkb    pd3_2   net29_2 VSS     net15_2 net29_2 clkb    net32_2 clkn    pd5_2   net37_2 VSS     Null    net37_2 net32_2 VSS     net32_2 QN2     net32_2 VSS     Null    Null    

VDD     net32_1 QN1     net32_1 VDD     D2      pu1_2   clkb    net15_2 Null    net37_1 net32_1 VDD     net37_1 pd4_1   clkb    net32_1 clkn    net29_1 net15_1 VDD     net29_1 pd2_1   clkn    net15_1 clkb    pu1_1   D1      VDD     
clkn    CLK     VDD     clkn    clkb    Null    net15_2 clkn    pd2_2   net29_2 VDD     net15_2 net29_2 clkn    net32_2 clkb    pd4_2   net37_2 VDD     Null    net37_2 net32_2 VDD     net32_2 QN2     net32_2 VDD     Null    Null    

[epoch 2]
hello calculate_available_track_case
layout_width * 2 + 1: 29
51115133101151331311513313315
11511013315113133150115111500
optimized
before sat
SAT
[via]
0 0 1 0 0 1 0 1 0 0 1 0 0 1 0 1 0 1 0 0 0 0 0 1 0 1 0 0 0 
0 1 0 1 0 0 0 0 1 0 0 1 0 0 0 0 1 0 0 1 0 0 0 0 1 0 0 0 0 
0 0 0 0 0 1 0 1 0 0 1 0 0 1 0 1 0 0 1 0 0 1 0 0 0 0 0 1 0 
0 0 1 0 0 0 0 0 1 0 0 0 0 0 0 0 0 1 0 0 0 0 0 1 0 1 0 0 0 
0 0 0 0 1 0 0 1 0 0 0 0 0 1 0 1 0 0 0 0 0 0 0 0 0 0 0 0 0 
0 1 0 0 0 0 0 0 0 1 0 0 1 0 0 0 0 1 0 0 0 0 0 0 0 0 0 0 0 
0 0 0 0 0 0 1 0 0 0 0 1 0 0 1 0 0 0 0 0 0 1 0 1 0 1 0 0 0 
1 0 0 1 0 0 0 1 0 0 0 0 0 1 0 1 0 1 0 0 1 0 0 0 1 0 0 0 0 
[metal]
 -1  -1  -1  -1  -1  -1  -1  28  28  -1  26  26  26  26  -1  28  28  28  28  28  -1  -1  -1  28  28  28  28  -1  -1 
 -1  24  24  24  -1  -1  -1  27  27  -1  24  24  -1  -1  -1  24  24  -1  14  14  -1  -1  -1  14  14  -1  -1  -1  -1 
 -1  -1  -1  -1  17  17  -1  19  19  -1  -1  -1  -1  -1  -1  19  19  -1  16  16  16  16  -1  -1  -1  -1  -1  15  15 
 -1  23  23  -1  -1  -1  -1  -1  -1  -1  -1  -1  -1  -1  -1  19  19  19  19  19  -1  -1  -1  19  19  19  -1  -1  -1 
 -1  -1  -1  -1  28  28  28  28  -1  -1  -1  -1  28  28  -1  28  28  -1  -1  -1  -1  -1  -1  -1  -1  -1  -1  -1  -1 
 12  12  -1  -1  -1  -1  -1  -1   2   2  -1  -1   2   2  -1  -1  -1  -1  -1  -1  -1  -1  -1  -1  -1  -1  -1  -1  -1 
 -1  -1  -1  -1  -1  -1  27  27  -1  -1  27  27  -1  -1   5   5  -1  -1  -1  -1  -1   5   5   5   5   5  -1  -1  -1 
 19  19  -1  19  19  -1  19  19  -1  -1  -1  -1  19  19  19  19  -1   3   3   3   3  -1  -1  -1  18  18  -1  -1  -1 
[metal density]
0 0 0 0 0 0 0 0 0 0 0 0 0 0 0 0 0 0 0 0 0 0 0 0 0 0 0 0 0 
0 0 0 0 0 0 0 0 0 0 0 0 0 0 0 0 0 0 0 0 0 0 0 0 0 0 0 0 0 
0 0 0 0 0 0 0 0 0 0 0 0 0 0 0 0 0 0 0 0 0 0 0 0 0 0 0 0 0 
0 0 0 0 0 0 0 0 0 0 0 0 0 0 0 0 0 0 0 0 0 0 0 0 0 0 0 0 0 
0 0 0 0 0 0 0 0 0 0 0 0 0 0 0 0 0 0 0 0 0 0 0 0 0 0 0 0 0 
0 0 0 0 0 0 0 0 0 0 0 0 0 0 0 0 0 0 0 0 0 0 0 0 0 0 0 0 0 
0 0 0 0 0 0 0 0 0 0 0 0 0 0 0 0 0 0 0 0 0 0 0 0 0 0 0 0 0 
0 0 0 0 0 0 0 0 0 0 0 0 0 0 0 0 0 0 0 0 0 0 0 0 0 0 0 0 0 
[verticall diff]
pd2_2
row 0: 0 0
row 1: 0 0
pd4_2
row 0: 0 0
row 1: 0 0
net29_2
row 0: 0 0
row 1: 1 1
net37_2
row 0: 0 0
row 1: 3 3
pd5_2
row 0: 0 0
row 1: 0 0
net32_2
row 0: 0 0
row 1: 2 2
pd1_2
row 0: 0 0
row 1: 0 0
pu1_1
row 0: 0 0
row 1: 0 0
pd2_1
row 0: 0 0
row 1: 0 0
pd4_1
row 0: 0 0
row 1: 0 0
pd3_1
row 0: 0 0
row 1: 0 0
pd1_1
row 0: 0 0
row 1: 0 0
CLK
row 0: 0 0
row 1: 1 1
pu1_2
row 0: 0 0
row 1: 0 0
net15_1
row 0: 1 1
row 1: 0 0
D1
row 0: 2 2
row 1: 0 0
net29_1
row 0: 2 2
row 1: 0 0
D2
row 0: 2 2
row 1: 0 0
QN2
row 0: 0 0
row 1: 3 3
clkn
row 0: 2 3
row 1: 3 3
VSS
row 0: 0 0
row 1: 0 0
pd3_2
row 0: 0 0
row 1: 0 0
pd5_1
row 0: 0 0
row 1: 0 0
QN1
row 0: 3 3
row 1: 0 0
net32_1
row 0: 1 1
row 1: 0 0
VDD
row 0: 0 0
row 1: 0 0
net37_1
row 0: 0 0
row 1: 0 0
net15_2
row 0: 1 1
row 1: 2 2
clkb
row 0: 0 0
row 1: 0 0
[satisfy via metal]
00000001101111011111000111100
01110001101100011011000110000
00001101100000011011110000011
01100000000000011111000111000
00001111000011011000000000000
11000000110011000000000000000
00000011001100110000011111000
11011011000011110111100011000
total_via_vertical_diff: 1
total density: 0
finish satisfy via rule
hello print_shape
MM24_1  MM24_1  MM5_2   MM4_2           MM14_1  MM16_1  MM17_1  MM12_1  MM6_1   MM8_1   MM9_1   MM4_1   MM5_1   
MM20_1  MM23_1          MM9_2   MM8_2   MM6_2   MM12_2  MM17_2  MM16_2          MM14_2  MM24_2  MM24_2          
--
MM25_1  MM25_1  MM3_2   MM1_2           MM15_1  MM19_1  MM18_1  MM13_1  MM7_1   MM11_1  MM10_1  MM1_1   MM3_1   
MM21_1  MM22_1          MM10_2  MM11_2  MM7_2   MM13_2  MM18_2  MM19_2          MM15_2  MM25_2  MM25_2          
VSS     net32_1 QN1     QN1     net32_1 VSS     VSS     D2      pd1_2   pd1_2   clkn    net15_2 ------------------------net37_1 net32_1 VSS     VSS     net37_1 pd5_1   pd5_1   clkn    net32_1 net32_1 clkb    net29_1 net29_1 net15_1 VSS     VSS     net29_1 pd3_1   pd3_1   clkb    net15_1 net15_1 clkn    pd1_1   pd1_1   D1      VSS     
clkn    CLK     VSS     VSS     clkn    clkb    ------------------------net15_2 clkb    pd3_2   pd3_2   net29_2 VSS     VSS     net15_2 net29_2 net29_2 clkb    net32_2 net32_2 clkn    pd5_2   pd5_2   net37_2 VSS     ------------------------net37_2 net32_2 VSS     VSS     net32_2 QN2     QN2     net32_2 VSS     ------------------------
--
VDD     net32_1 QN1     QN1     net32_1 VDD     VDD     D2      pu1_2   pu1_2   clkb    net15_2 ------------------------net37_1 net32_1 VDD     VDD     net37_1 pd4_1   pd4_1   clkb    net32_1 net32_1 clkn    net29_1 net29_1 net15_1 VDD     VDD     net29_1 pd2_1   pd2_1   clkn    net15_1 net15_1 clkb    pu1_1   pu1_1   D1      VDD     
clkn    CLK     VDD     VDD     clkn    clkb    ------------------------net15_2 clkn    pd2_2   pd2_2   net29_2 VDD     VDD     net15_2 net29_2 net29_2 clkn    net32_2 net32_2 clkb    pd4_2   pd4_2   net37_2 VDD     ------------------------net37_2 net32_2 VDD     VDD     net32_2 QN2     QN2     net32_2 VDD     ------------------------
VSS     net32_1 QN1     net32_1 VSS     D2      pd1_2   clkn    net15_2 Null    net37_1 net32_1 VSS     net37_1 pd5_1   clkn    net32_1 clkb    net29_1 net15_1 VSS     net29_1 pd3_1   clkb    net15_1 clkn    pd1_1   D1      VSS     
clkn    CLK     VSS     clkn    clkb    Null    net15_2 clkb    pd3_2   net29_2 VSS     net15_2 net29_2 clkb    net32_2 clkn    pd5_2   net37_2 VSS     Null    net37_2 net32_2 VSS     net32_2 QN2     net32_2 VSS     Null    Null    

VDD     net32_1 QN1     net32_1 VDD     D2      pu1_2   clkb    net15_2 Null    net37_1 net32_1 VDD     net37_1 pd4_1   clkb    net32_1 clkn    net29_1 net15_1 VDD     net29_1 pd2_1   clkn    net15_1 clkb    pu1_1   D1      VDD     
clkn    CLK     VDD     clkn    clkb    Null    net15_2 clkn    pd2_2   net29_2 VDD     net15_2 net29_2 clkn    net32_2 clkb    pd4_2   net37_2 VDD     Null    net37_2 net32_2 VDD     net32_2 QN2     net32_2 VDD     Null    Null    

成功建立檔案：results/MBFF2x2.plmt
max_cols: 14
Generated results/MBFF2x2.plmt
Time taken : 73.3906 seconds
