Hello, World!
cell/AND3x1.txt
Available CPU cores: 16
MM6 num_finger: 1
MM5 num_finger: 1
MM4 num_finger: 1
MM3 num_finger: 1
MM7 num_finger: 1
MM0 num_finger: 1
MM1 num_finger: 1
MM2 num_finger: 1
#tr/#net: 8/9
compound_gates: 

MM5
MM4
MM3
MM0

MM6
MM7

transmission_gates: 
p-network: 
MM5
MM4
MM3
n-network: 
MM0
MM1
MM2

MM5 MM0 -1
MM5 MM1 -3
MM5 MM2 0
MM4 MM0 -1
MM4 MM1 -1
MM4 MM2 -2
MM3 MM0 1
MM3 MM1 -3
MM3 MM2 -2
MM0 pref MM3
MM0 pref MM5
MM0 pref MM4
MM1 pref MM4
MM1 pref MM5
MM1 pref MM3
MM2 pref MM5
MM2 pref MM4
MM2 pref MM3
MM5 pref MM2
MM5 pref MM0
MM5 pref MM1
MM4 pref MM0
MM4 pref MM1
MM4 pref MM2
MM3 pref MM0
MM3 pref MM2
MM3 pref MM1
MM0 propose #0
MM2 match MM5
MM1 propose #0
MM1 match MM4
MM2 propose #0
MM0 match MM3
[matching result]
MM5 <-> MM2
MM4 <-> MM1
MM3 <-> MM0
p-network: 
MM6
n-network: 
MM7

MM6 MM7 2
MM7 pref MM6
MM6 pref MM7
MM7 propose #0
MM7 match MM6
[matching result]
MM6 <-> MM7
pairs: 
MM6 MM7
MM3 MM0
MM4 MM1
MM5 MM2
[folding_shape_generation]
[placement]
total_finger: 4
expected #row: 1
output mos: MM6
input mos: MM3
input mos: MM4
input mos: MM5
[ungrouped_pmos]
MM5
MM4
MM3
group: 
MM6
MM3
MM4
MM5
hello group_placement
target_area: 4
BFS Time taken : 0.000345677
bfs total time: 0.000345677
dfs total time: 0
number of cell: 2
HPML: 0
Set 1 intersecting elements: None
Row 0: 
hello print_shape
MM0     MM1     MM2     MM7     
--
MM3     MM4     MM5     MM6     
net61   A       net72   net72   B       net71   net71   C       VSS     VSS     net61   Y       
--
net61   A       VDD     VDD     B       net61   net61   C       VDD     VDD     net61   Y       
net61   A       net72   B       net71   C       VSS     net61   Y       

net61   A       VDD     B       net61   C       VDD     net61   Y       

HSP: 14
HCD: 2
hello print_shape
MM0     MM1     MM2     MM7     
--
MM3     MM4     MM5     MM6     
net61   A       net72   net72   B       net71   net71   C       VSS     VSS     net61   Y       
--
net61   A       VDD     VDD     B       net61   net61   C       VDD     VDD     net61   Y       
net61   A       net72   B       net71   C       VSS     net61   Y       

net61   A       VDD     B       net61   C       VDD     net61   Y       

area: 4
hpml: 7
#inter-row signals: 0
total density: 25
cost: 107
hello print_shape
MM0     MM1     MM2     MM7     
--
MM3     MM4     MM5     MM6     
net61   A       net72   net72   B       net71   net71   C       VSS     VSS     net61   Y       
--
net61   A       VDD     VDD     B       net61   net61   C       VDD     VDD     net61   Y       
net61   A       net72   B       net71   C       VSS     net61   Y       

net61   A       VDD     B       net61   C       VDD     net61   Y       

[initial] cost: 107
[epoch 0]
hello satisfy_via_rule
112131511
SAT
[via]
1 0 0 0 1 0 0 1 0 
0 0 0 1 0 0 0 0 0 
0 1 0 0 0 0 0 0 1 
0 0 0 0 0 1 0 0 0 
[metal]
  2   2  -1  -1   2   2  -1   2   2 
 -1  -1   6   6  -1  -1  -1  -1  -1 
  8   8  -1  -1  -1  -1  -1   3   3 
 -1  -1  -1  -1  -1   7   7  -1  -1 
[metal density]
1 1 1 1 1 1 1 1 0 
0 0 0 1 0 0 0 0 0 
0 1 0 0 0 0 0 0 1 
0 0 0 0 0 1 0 0 0 
[satisfy via metal]
110011011
001100000
110000011
000001100
pass
total_via_vertical_diff: 0
total density: 12
hello print_shape
MM0     MM1     MM2     MM7     
--
MM3     MM4     MM5     MM6     
net61   A       net72   net72   B       net71   net71   C       VSS     VSS     net61   Y       
--
net61   A       VDD     VDD     B       net61   net61   C       VDD     VDD     net61   Y       
net61   A       net72   B       net71   C       VSS     net61   Y       

net61   A       VDD     B       net61   C       VDD     net61   Y       

成功建立檔案：results/AND3x1.plmt
max_cols: 4
Generated results/AND3x1.plmt
Time taken : 0.318636 seconds
