Hello, World!
cell/BUFx4.txt
Available CPU cores: 16
MM1 num_finger: 4
MM0 num_finger: 1
MM2 num_finger: 1
MM3 num_finger: 4
#tr/#net: 4/5
compound_gates: 

MM1
MM3

MM0
MM2

transmission_gates: 
p-network: 
MM1
n-network: 
MM3

MM1 MM3 2
MM3 pref MM1
MM1 pref MM3
MM3 propose #0
MM3 match MM1
[matching result]
MM1 <-> MM3
p-network: 
MM0
n-network: 
MM2

MM0 MM2 2
MM2 pref MM0
MM0 pref MM2
MM2 propose #0
MM2 match MM0
[matching result]
MM0 <-> MM2
pairs: 
MM0 MM2
MM1 MM3
[folding_shape_generation]
[placement]
total_finger: 5
expected #row: 1
output mos: MM1
input mos: MM0
[ungrouped_pmos]
MM0
group: 
MM1
MM0
hello group_placement
target_area: 5
BFS Time taken : 5.5359e-05
bfs total time: 5.5359e-05
dfs total time: 0
number of cell: 2
HPML: 1
Set 1 intersecting elements: None
Row 0: 
hello print_shape
MM2     MM3     MM3     MM3     MM3     
--
MM0     MM1     MM1     MM1     MM1     
AN      A       VSS     VSS     AN      Y       Y       AN      VSS     VSS     AN      Y       Y       AN      VSS     
--
AN      A       VDD     VDD     AN      Y       Y       AN      VDD     VDD     AN      Y       Y       AN      VDD     
AN      A       VSS     AN      Y       AN      VSS     AN      Y       AN      VSS     

AN      A       VDD     AN      Y       AN      VDD     AN      Y       AN      VDD     

HSP: 26
HCD: 2
hello print_shape
MM2     MM3     MM3     MM3     MM3     
--
MM0     MM1     MM1     MM1     MM1     
AN      A       VSS     VSS     AN      Y       Y       AN      VSS     VSS     AN      Y       Y       AN      VSS     
--
AN      A       VDD     VDD     AN      Y       Y       AN      VDD     VDD     AN      Y       Y       AN      VDD     
AN      A       VSS     AN      Y       AN      VSS     AN      Y       AN      VSS     

AN      A       VDD     AN      Y       AN      VDD     AN      Y       AN      VDD     

area: 5
hpml: 13
#inter-row signals: 0
total density: 120
cost: 139
hello print_shape
MM2     MM3     MM3     MM3     MM3     
--
MM0     MM1     MM1     MM1     MM1     
AN      A       VSS     VSS     AN      Y       Y       AN      VSS     VSS     AN      Y       Y       AN      VSS     
--
AN      A       VDD     VDD     AN      Y       Y       AN      VDD     VDD     AN      Y       Y       AN      VDD     
AN      A       VSS     AN      Y       AN      VSS     AN      Y       AN      VSS     

AN      A       VDD     AN      Y       AN      VDD     AN      Y       AN      VDD     

[initial] cost: 139
[epoch 0]
hello satisfy_via_rule
11511151115
SAT
[via]
1 0 0 1 0 1 0 1 0 1 0 
0 0 0 0 0 0 0 0 0 0 0 
0 1 0 0 0 0 0 0 0 0 0 
0 0 0 0 1 0 0 0 1 0 0 
[metal]
  1   1  -1   1   1   1  -1   1   1   1  -1 
 -1  -1  -1  -1  -1  -1  -1  -1  -1  -1  -1 
  4   4  -1  -1  -1  -1  -1  -1  -1  -1  -1 
 -1  -1  -1   0   0  -1  -1  -1   0   0  -1 
[metal density]
1 1 1 1 1 1 1 1 1 1 0 
0 0 0 0 0 0 0 0 0 0 0 
0 1 0 0 0 0 0 0 0 0 0 
0 0 0 0 1 1 1 1 1 0 0 
[satisfy via metal]
11011101110
00000000000
11000000000
00011000110
pass
total_via_vertical_diff: 0
total density: 16
hello print_shape
MM2     MM3     MM3     MM3     MM3     
--
MM0     MM1     MM1     MM1     MM1     
AN      A       VSS     VSS     AN      Y       Y       AN      VSS     VSS     AN      Y       Y       AN      VSS     
--
AN      A       VDD     VDD     AN      Y       Y       AN      VDD     VDD     AN      Y       Y       AN      VDD     
AN      A       VSS     AN      Y       AN      VSS     AN      Y       AN      VSS     

AN      A       VDD     AN      Y       AN      VDD     AN      Y       AN      VDD     

成功建立檔案：results/BUFx4.plmt
max_cols: 5
Generated results/BUFx4.plmt
Time taken : 0.353345 seconds
