Hello, World!
cell/INVx4.txt
Available CPU cores: 16
MM1 num_finger: 4
MM0 num_finger: 4
#tr/#net: 2/4
compound_gates: 

MM1
MM0

transmission_gates: 
p-network: 
MM1
n-network: 
MM0

MM1 MM0 2
MM0 pref MM1
MM1 pref MM0
MM0 propose #0
MM0 match MM1
[matching result]
MM1 <-> MM0
pairs: 
MM1 MM0
[folding_shape_generation]
[placement]
total_finger: 4
expected #row: 1
output mos: MM1
input mos: MM1
[ungrouped_pmos]
group: 
MM1
hello group_placement
target_area: 4
BFS Time taken : 1.1816e-05
bfs total time: 1.1816e-05
dfs total time: 0
number of cell: 4
HPML: 1758416952
Set 1 intersecting elements: None
Row 0: 
hello print_shape
MM0     MM0     MM0     MM0     
--
MM1     MM1     MM1     MM1     
VSS     A       Y       Y       A       VSS     VSS     A       Y       Y       A       VSS     
--
VDD     A       Y       Y       A       VDD     VDD     A       Y       Y       A       VDD     
VSS     A       Y       A       VSS     A       Y       A       VSS     

VDD     A       Y       A       VDD     A       Y       A       VDD     

HSP: 20
HCD: 2
hello print_shape
MM0     MM0     MM0     MM0     
--
MM1     MM1     MM1     MM1     
VSS     A       Y       Y       A       VSS     VSS     A       Y       Y       A       VSS     
--
VDD     A       Y       Y       A       VDD     VDD     A       Y       Y       A       VDD     
VSS     A       Y       A       VSS     A       Y       A       VSS     

VDD     A       Y       A       VDD     A       Y       A       VDD     

area: 4
hpml: 10
#inter-row signals: 0
total density: 102
cost: 111
hello print_shape
MM0     MM0     MM0     MM0     
--
MM1     MM1     MM1     MM1     
VSS     A       Y       Y       A       VSS     VSS     A       Y       Y       A       VSS     
--
VDD     A       Y       Y       A       VDD     VDD     A       Y       Y       A       VDD     
VSS     A       Y       A       VSS     A       Y       A       VSS     

VDD     A       Y       A       VDD     A       Y       A       VDD     

[initial] cost: 111
[epoch 0]
hello satisfy_via_rule
511151115
SAT
[via]
0 1 0 1 0 1 0 1 0 
0 0 0 0 0 0 0 0 0 
0 0 0 0 0 0 0 0 0 
0 0 1 0 0 0 1 0 0 
[metal]
 -1   3   3   3  -1   3   3   3  -1 
 -1  -1  -1  -1  -1  -1  -1  -1  -1 
 -1  -1  -1  -1  -1  -1  -1  -1  -1 
 -1   0   0  -1  -1   0   0  -1  -1 
[metal density]
0 1 1 1 1 1 1 1 0 
0 0 0 0 0 0 0 0 0 
0 0 0 0 0 0 0 0 0 
0 0 1 1 1 1 1 0 0 
[satisfy via metal]
011101110
000000000
000000000
011001100
pass
total_via_vertical_diff: 0
total density: 12
hello print_shape
MM0     MM0     MM0     MM0     
--
MM1     MM1     MM1     MM1     
VSS     A       Y       Y       A       VSS     VSS     A       Y       Y       A       VSS     
--
VDD     A       Y       Y       A       VDD     VDD     A       Y       Y       A       VDD     
VSS     A       Y       A       VSS     A       Y       A       VSS     

VDD     A       Y       A       VDD     A       Y       A       VDD     

成功建立檔案：results/INVx4.plmt
max_cols: 4
Generated results/INVx4.plmt
Time taken : 0.172024 seconds
