Hello, World!
cell/NAND2x1.txt
Available CPU cores: 16
MM1 num_finger: 1
MM0 num_finger: 1
MM3 num_finger: 2
MM2 num_finger: 2
#tr/#net: 4/6
compound_gates: 

MM1
MM0
MM2

transmission_gates: 
p-network: 
MM1
MM0
n-network: 
MM2
MM3

MM1 MM2 -1
MM1 MM3 -4
MM0 MM2 -3
MM0 MM3 -2
MM2 pref MM1
MM2 pref MM0
MM3 pref MM0
MM3 pref MM1
MM1 pref MM2
MM1 pref MM3
MM0 pref MM3
MM0 pref MM2
MM2 propose #0
MM2 match MM1
MM3 propose #0
MM3 match MM0
[matching result]
MM1 <-> MM2
MM0 <-> MM3
pairs: 
MM0 MM3
MM1 MM2
[folding_shape_generation]
[placement]
total_finger: 4
expected #row: 1
output mos: MM1
input mos: MM0
input mos: MM1
[ungrouped_pmos]
MM0
group: 
MM1
MM0
hello group_placement
target_area: 4
BFS Time taken : 0.000140726
bfs total time: 0.000140726
dfs total time: 0
number of cell: 28
HPML: 48
Set 1 intersecting elements: None
Row 0: 
hello print_shape
MM3     MM3     MM2     MM2     
--
        MM0     MM1             
net16   A       VSS     VSS     A       net16   net16   B       Y       Y       B       net16   
--
------------------------VDD     A       Y       Y       B       VDD     ------------------------
net16   A       VSS     A       net16   B       Y       B       net16   

Null    Null    VDD     A       Y       B       VDD     Null    Null    

HSP: 0
HCD: 1
hello print_shape
MM3     MM3     MM2     MM2     
--
        MM0     MM1             
net16   A       VSS     VSS     A       net16   net16   B       Y       Y       B       net16   
--
------------------------VDD     A       Y       Y       B       VDD     ------------------------
net16   A       VSS     A       net16   B       Y       B       net16   

Null    Null    VDD     A       Y       B       VDD     Null    Null    

area: 4
hpml: 14
#inter-row signals: 0
total density: 73
cost: 114
hello print_shape
MM3     MM3     MM2     MM2     
--
        MM0     MM1             
net16   A       VSS     VSS     A       net16   net16   B       Y       Y       B       net16   
--
------------------------VDD     A       Y       Y       B       VDD     ------------------------
net16   A       VSS     A       net16   B       Y       B       net16   

Null    Null    VDD     A       Y       B       VDD     Null    Null    

[initial] cost: 114
[epoch 0]
hello satisfy_via_rule
115131211
SAT
[via]
0 0 0 0 0 0 0 0 0 
0 0 0 0 0 1 0 1 0 
0 1 0 1 0 0 0 0 0 
0 0 0 0 1 0 1 0 0 
[metal]
 -1  -1  -1  -1  -1  -1  -1  -1  -1 
 -1  -1  -1  -1  -1   4   4   4  -1 
 -1   5   5   5  -1  -1  -1  -1  -1 
 -1  -1  -1  -1   0   0   0  -1  -1 
[metal density]
0 0 0 0 0 0 0 0 0 
0 0 0 0 0 1 1 1 0 
0 1 1 1 0 0 0 0 0 
0 0 0 0 1 1 1 0 0 
[satisfy via metal]
000000000
000001110
011100000
000011100
pass
total_via_vertical_diff: 0
total density: 9
hello print_shape
MM3     MM3     MM2     MM2     
--
        MM0     MM1             
net16   A       VSS     VSS     A       net16   net16   B       Y       Y       B       net16   
--
------------------------VDD     A       Y       Y       B       VDD     ------------------------
net16   A       VSS     A       net16   B       Y       B       net16   

Null    Null    VDD     A       Y       B       VDD     Null    Null    

成功建立檔案：results/NAND2x1.plmt
max_cols: 4
Generated results/NAND2x1.plmt
Time taken : 0.20058 seconds
