Hello, World!
cell/NAND2x2.txt
Available CPU cores: 16
MM1 num_finger: 2
MM0 num_finger: 2
MM3 num_finger: 4
MM2 num_finger: 4
#tr/#net: 4/6
compound_gates: 

MM1
MM0
MM2

transmission_gates: 
p-network: 
MM1
MM0
n-network: 
MM2
MM3

MM1 MM2 -1
MM1 MM3 -4
MM0 MM2 -3
MM0 MM3 -2
MM2 pref MM1
MM2 pref MM0
MM3 pref MM0
MM3 pref MM1
MM1 pref MM2
MM1 pref MM3
MM0 pref MM3
MM0 pref MM2
MM2 propose #0
MM2 match MM1
MM3 propose #0
MM3 match MM0
[matching result]
MM1 <-> MM2
MM0 <-> MM3
pairs: 
MM0 MM3
MM1 MM2
[folding_shape_generation]
[placement]
total_finger: 8
expected #row: 1
output mos: MM1
input mos: MM0
input mos: MM1
[ungrouped_pmos]
MM0
group: 
MM1
MM0
hello group_placement
target_area: 8
BFS Time taken : 0.00031598
bfs total time: 0.00031598
dfs total time: 0
number of cell: 68
HPML: 0
Set 1 intersecting elements: None
Row 0: 
hello print_shape
MM3     MM3     MM3     MM3     MM2     MM2     MM2     MM2     
--
                MM0     MM0     MM1     MM1                     
net16   A       VSS     VSS     A       net16   net16   A       VSS     VSS     A       net16   net16   B       Y       Y       B       net16   net16   B       Y       Y       B       net16   
--
------------------------------------------------VDD     A       Y       Y       A       VDD     VDD     B       Y       Y       B       VDD     ------------------------------------------------
net16   A       VSS     A       net16   A       VSS     A       net16   B       Y       B       net16   B       Y       B       net16   

Null    Null    Null    Null    VDD     A       Y       A       VDD     B       Y       B       VDD     Null    Null    Null    Null    

HSP: 20
HCD: 2
hello print_shape
MM3     MM3     MM3     MM3     MM2     MM2     MM2     MM2     
--
                MM0     MM0     MM1     MM1                     
net16   A       VSS     VSS     A       net16   net16   A       VSS     VSS     A       net16   net16   B       Y       Y       B       net16   net16   B       Y       Y       B       net16   
--
------------------------------------------------VDD     A       Y       Y       A       VDD     VDD     B       Y       Y       B       VDD     ------------------------------------------------
net16   A       VSS     A       net16   A       VSS     A       net16   B       Y       B       net16   B       Y       B       net16   

Null    Null    Null    Null    VDD     A       Y       A       VDD     B       Y       B       VDD     Null    Null    Null    Null    

area: 8
hpml: 36
#inter-row signals: 0
total density: 217
cost: 238
hello print_shape
MM3     MM3     MM3     MM3     MM2     MM2     MM2     MM2     
--
                MM0     MM0     MM1     MM1                     
net16   A       VSS     VSS     A       net16   net16   A       VSS     VSS     A       net16   net16   B       Y       Y       B       net16   net16   B       Y       Y       B       net16   
--
------------------------------------------------VDD     A       Y       Y       A       VDD     VDD     B       Y       Y       B       VDD     ------------------------------------------------
net16   A       VSS     A       net16   A       VSS     A       net16   B       Y       B       net16   B       Y       B       net16   

Null    Null    Null    Null    VDD     A       Y       A       VDD     B       Y       B       VDD     Null    Null    Null    Null    

[initial] cost: 238
[epoch 0]
hello satisfy_via_rule
11112141211121111
SAT
[via]
1 0 0 0 1 0 0 0 1 0 0 0 1 0 0 0 1 
0 0 0 0 0 0 0 0 0 1 0 1 0 1 0 1 0 
0 1 0 1 0 1 0 1 0 0 0 0 0 0 0 0 0 
0 0 1 0 0 0 1 0 0 0 1 0 0 0 1 0 0 
[metal]
  3   3  -1  -1   3   3  -1   3   3  -1  -1  -1   3   3  -1   3   3 
 -1  -1  -1  -1  -1  -1  -1  -1  -1   4   4   4   4   4  -1   4   4 
 -1   5   5   5   5   5   5   5  -1  -1  -1  -1  -1  -1  -1  -1  -1 
 -1   1   1  -1  -1  -1   0   0  -1   0   0  -1  -1  -1   0   0  -1 
[metal density]
1 1 1 1 1 1 1 1 1 1 1 1 1 1 1 1 1 
0 0 0 0 0 0 0 0 0 1 1 1 1 1 1 1 0 
0 1 1 1 1 1 1 1 0 0 0 0 0 0 0 0 0 
0 0 0 0 0 0 1 1 1 1 1 1 1 1 1 0 0 
[satisfy via metal]
11001101100011011
00000000011111011
01111111000000000
01100011011000110
pass
total_via_vertical_diff: 0
total density: 40
hello print_shape
MM3     MM3     MM3     MM3     MM2     MM2     MM2     MM2     
--
                MM0     MM0     MM1     MM1                     
net16   A       VSS     VSS     A       net16   net16   A       VSS     VSS     A       net16   net16   B       Y       Y       B       net16   net16   B       Y       Y       B       net16   
--
------------------------------------------------VDD     A       Y       Y       A       VDD     VDD     B       Y       Y       B       VDD     ------------------------------------------------
net16   A       VSS     A       net16   A       VSS     A       net16   B       Y       B       net16   B       Y       B       net16   

Null    Null    Null    Null    VDD     A       Y       A       VDD     B       Y       B       VDD     Null    Null    Null    Null    

成功建立檔案：results/NAND2x2.plmt
max_cols: 8
Generated results/NAND2x2.plmt
Time taken : 0.72032 seconds
