Hello, World!
cell/NOR2x2.txt
Available CPU cores: 16
MM4 num_finger: 4
MM3 num_finger: 4
MM2 num_finger: 2
MM1 num_finger: 2
#tr/#net: 4/6
compound_gates: 

MM4
MM2
MM1

transmission_gates: 
p-network: 
MM4
MM3
n-network: 
MM2
MM1

MM4 MM2 -3
MM4 MM1 -1
MM3 MM2 -2
MM3 MM1 -4
MM2 pref MM3
MM2 pref MM4
MM1 pref MM4
MM1 pref MM3
MM4 pref MM1
MM4 pref MM2
MM3 pref MM2
MM3 pref MM1
MM2 propose #0
MM1 match MM4
MM1 propose #0
MM2 match MM3
[matching result]
MM4 <-> MM1
MM3 <-> MM2
pairs: 
MM3 MM2
MM4 MM1
[folding_shape_generation]
[placement]
total_finger: 8
expected #row: 1
output mos: MM4
input mos: MM3
input mos: MM4
[ungrouped_pmos]
MM3
group: 
MM4
MM3
hello group_placement
target_area: 8
BFS Time taken : 6.2363e-05
bfs total time: 6.2363e-05
dfs total time: 0
number of cell: 8
HPML: 0
Set 1 intersecting elements: None
Row 0: 
hello print_shape
MM2     MM2                     MM1     MM1                     
--
MM3     MM3     MM3     MM3     MM4     MM4     MM4     MM4     
VSS     A       Y       Y       A       VSS     ------------------------------------------------VSS     B       Y       Y       B       VSS     ------------------------------------------------
--
net16   A       VDD     VDD     A       net16   net16   A       VDD     VDD     A       net16   net16   B       Y       Y       B       net16   net16   B       Y       Y       B       net16   
VSS     A       Y       A       VSS     Null    Null    Null    VSS     B       Y       B       VSS     Null    Null    Null    Null    

net16   A       VDD     A       net16   A       VDD     A       net16   B       Y       B       net16   B       Y       B       net16   

HSP: 28
HCD: 3
hello print_shape
MM2     MM2                     MM1     MM1                     
--
MM3     MM3     MM3     MM3     MM4     MM4     MM4     MM4     
VSS     A       Y       Y       A       VSS     ------------------------------------------------VSS     B       Y       Y       B       VSS     ------------------------------------------------
--
net16   A       VDD     VDD     A       net16   net16   A       VDD     VDD     A       net16   net16   B       Y       Y       B       net16   net16   B       Y       Y       B       net16   
VSS     A       Y       A       VSS     Null    Null    Null    VSS     B       Y       B       VSS     Null    Null    Null    Null    

net16   A       VDD     A       net16   A       VDD     A       net16   B       Y       B       net16   B       Y       B       net16   

area: 8
hpml: 40
#inter-row signals: 0
total density: 201
cost: 242
hello print_shape
MM2     MM2                     MM1     MM1                     
--
MM3     MM3     MM3     MM3     MM4     MM4     MM4     MM4     
VSS     A       Y       Y       A       VSS     ------------------------------------------------VSS     B       Y       Y       B       VSS     ------------------------------------------------
--
net16   A       VDD     VDD     A       net16   net16   A       VDD     VDD     A       net16   net16   B       Y       Y       B       net16   net16   B       Y       Y       B       net16   
VSS     A       Y       A       VSS     Null    Null    Null    VSS     B       Y       B       VSS     Null    Null    Null    Null    

net16   A       VDD     A       net16   A       VDD     A       net16   B       Y       B       net16   B       Y       B       net16   

[initial] cost: 242
[epoch 0]
hello satisfy_via_rule
41214111411141111
SAT
[via]
0 1 0 1 0 1 0 1 0 1 0 1 0 1 0 1 0 
0 0 0 0 0 0 1 0 0 0 0 0 0 0 0 0 0 
0 0 1 0 0 0 0 0 0 0 1 0 0 0 1 0 0 
1 0 0 0 1 0 0 0 1 0 0 0 1 0 0 0 1 
[metal]
  5   5  -1   5   5   5   5   5  -1   4   4   4  -1   4   4   4  -1 
 -1  -1  -1  -1  -1  -1   2   2  -1  -1  -1  -1  -1  -1  -1  -1  -1 
 -1  -1   0   0  -1  -1  -1  -1  -1   0   0  -1  -1   0   0  -1  -1 
  3   3  -1  -1   3   3  -1   3   3  -1  -1   3   3  -1  -1   3   3 
[metal density]
0 1 1 1 1 1 1 1 0 1 1 1 1 1 1 1 0 
0 0 0 0 0 0 0 0 0 0 0 0 0 0 0 0 0 
0 0 1 1 1 1 1 1 1 1 1 1 1 1 1 0 0 
1 1 1 1 1 1 1 1 1 1 1 1 1 1 1 1 1 
[satisfy via metal]
11011111011101110
00000011000000000
00110000011001100
11001101100110011
pass
total_via_vertical_diff: 0
total density: 44
hello print_shape
MM2     MM2                     MM1     MM1                     
--
MM3     MM3     MM3     MM3     MM4     MM4     MM4     MM4     
VSS     A       Y       Y       A       VSS     ------------------------------------------------VSS     B       Y       Y       B       VSS     ------------------------------------------------
--
net16   A       VDD     VDD     A       net16   net16   A       VDD     VDD     A       net16   net16   B       Y       Y       B       net16   net16   B       Y       Y       B       net16   
VSS     A       Y       A       VSS     Null    Null    Null    VSS     B       Y       B       VSS     Null    Null    Null    Null    

net16   A       VDD     A       net16   A       VDD     A       net16   B       Y       B       net16   B       Y       B       net16   

成功建立檔案：results/NOR2x2.plmt
max_cols: 8
Generated results/NOR2x2.plmt
Time taken : 0.738343 seconds
