Hello, World!
cell/XNOR2x1.txt
Available CPU cores: 16
MM11 num_finger: 2
MM10 num_finger: 2
MM9 num_finger: 2
MM0 num_finger: 1
MM1 num_finger: 1
MM4 num_finger: 2
MM5 num_finger: 2
MM6 num_finger: 2
MM2 num_finger: 1
MM3 num_finger: 1
#tr/#net: 10/9
compound_gates: 

MM0
MM1
MM2

MM10
MM9
MM6

transmission_gates: 
p-network: 
MM0
MM1
n-network: 
MM2
MM3

MM0 MM2 -1
MM0 MM3 0
MM1 MM2 1
MM1 MM3 -2
MM2 pref MM1
MM2 pref MM0
MM3 pref MM0
MM3 pref MM1
MM0 pref MM3
MM0 pref MM2
MM1 pref MM2
MM1 pref MM3
MM2 propose #0
MM3 match MM0
MM3 propose #0
MM2 match MM1
[matching result]
MM0 <-> MM3
MM1 <-> MM2
p-network: 
MM10
MM11
MM9
n-network: 
MM6
MM4
MM5

MM10 MM6 -2
MM10 MM4 -3
MM10 MM5 -1
MM11 MM6 -3
MM11 MM4 0
MM11 MM5 -2
MM9 MM6 1
MM9 MM4 -2
MM9 MM5 -2
MM6 pref MM9
MM6 pref MM10
MM6 pref MM11
MM4 pref MM11
MM4 pref MM9
MM4 pref MM10
MM5 pref MM10
MM5 pref MM11
MM5 pref MM9
MM10 pref MM5
MM10 pref MM6
MM10 pref MM4
MM11 pref MM4
MM11 pref MM5
MM11 pref MM6
MM9 pref MM6
MM9 pref MM4
MM9 pref MM5
MM6 propose #0
MM5 match MM10
MM4 propose #0
MM4 match MM11
MM5 propose #0
MM6 match MM9
[matching result]
MM10 <-> MM5
MM11 <-> MM4
MM9 <-> MM6
pairs: 
MM9 MM6
MM11 MM4
MM10 MM5
MM1 MM2
MM0 MM3
[folding_shape_generation]
[placement]
total_finger: 8
expected #row: 1
output mos: MM10
input mos: MM11
input mos: MM10
[ungrouped_pmos]
MM11
MM9
MM0
MM1
group: 
MM10
MM9
MM1
MM0
MM11
hello group_placement
target_area: 8
BFS Time taken : 0.000487593
Time taken : 0.000520717 seconds
target_area: 9
BFS Time taken : 0.00436475
bfs total time: 0.00485235
dfs total time: 1.298e-05
number of cell: 8
HPML: 0
Set 1 intersecting elements: None
Row 0: 
hello print_shape
MM4     MM4     MM3     MM2             MM5     MM5     MM6     MM6     
--
MM11    MM11    MM0     MM1             MM10    MM10    MM9     MM9     
VSS     A       net015  net015  A       VSS     VSS     A       net43   net43   B       net29   ------------------------net015  B       VSS     VSS     B       net015  net015  net29   Y       Y       net29   net015  
--
VDD     A       net041  net041  A       VDD     VDD     A       net29   net29   B       VDD     ------------------------Y       B       net041  net041  B       Y       Y       net29   VDD     VDD     net29   Y       
VSS     A       net015  A       VSS     A       net43   B       net29   Null    net015  B       VSS     B       net015  net29   Y       net29   net015  

VDD     A       net041  A       VDD     A       net29   B       VDD     Null    Y       B       net041  B       Y       net29   VDD     net29   Y       

HSP: 74
HCD: 3
hello print_shape
MM4     MM4     MM3     MM2             MM5     MM5     MM6     MM6     
--
MM11    MM11    MM0     MM1             MM10    MM10    MM9     MM9     
VSS     A       net015  net015  A       VSS     VSS     A       net43   net43   B       net29   ------------------------net015  B       VSS     VSS     B       net015  net015  net29   Y       Y       net29   net015  
--
VDD     A       net041  net041  A       VDD     VDD     A       net29   net29   B       VDD     ------------------------Y       B       net041  net041  B       Y       Y       net29   VDD     VDD     net29   Y       
VSS     A       net015  A       VSS     A       net43   B       net29   Null    net015  B       VSS     B       net015  net29   Y       net29   net015  

VDD     A       net041  A       VDD     A       net29   B       VDD     Null    Y       B       net041  B       Y       net29   VDD     net29   Y       

area: 9
hpml: 55
#inter-row signals: 0
total density: 475
cost: 284
hello print_shape
MM4     MM4     MM3     MM2             MM5     MM5     MM6     MM6     
--
MM11    MM11    MM0     MM1             MM10    MM10    MM9     MM9     
VSS     A       net015  net015  A       VSS     VSS     A       net43   net43   B       net29   ------------------------net015  B       VSS     VSS     B       net015  net015  net29   Y       Y       net29   net015  
--
VDD     A       net041  net041  A       VDD     VDD     A       net29   net29   B       VDD     ------------------------Y       B       net041  net041  B       Y       Y       net29   VDD     VDD     net29   Y       
VSS     A       net015  A       VSS     A       net43   B       net29   Null    net015  B       VSS     B       net015  net29   Y       net29   net015  

VDD     A       net041  A       VDD     A       net29   B       VDD     Null    Y       B       net041  B       Y       net29   VDD     net29   Y       

[initial] cost: 284
[epoch 0]
hello satisfy_via_rule
5131513120314131213
SAT
[via]
0 0 0 0 0 0 0 0 0 0 1 0 0 0 1 0 1 0 1 
0 0 1 0 0 0 0 1 0 0 0 1 0 1 0 0 0 0 0 
0 1 0 1 0 1 0 0 0 0 1 0 0 0 1 0 0 0 1 
0 0 1 0 0 0 1 0 1 0 0 0 1 0 0 1 0 1 0 
[metal]
 -1  -1  -1  -1  -1  -1  -1  -1  -1   3   3  -1  -1  -1   3   3   3   3   3 
 -1   1   1  -1  -1  -1  -1   7   7  -1  -1   7   7   7  -1  -1  -1  -1  -1 
 -1   8   8   8   8   8  -1  -1  -1   1   1  -1  -1  -1   1   1  -1   1   1 
 -1   0   0  -1  -1  -1   2   2   2  -1  -1   0   0  -1   2   2  -1   2   2 
[metal density]
0 0 0 0 0 0 0 0 0 0 1 1 1 1 1 1 1 1 1 
0 0 1 0 0 0 0 1 1 1 1 1 1 1 0 0 0 0 0 
0 1 1 1 1 1 0 0 0 0 1 1 1 1 1 1 1 1 1 
0 0 1 1 1 1 2 3 2 2 2 2 3 1 1 1 1 1 0 
[satisfy via metal]
0000000001100011111
0110000110011100000
0111110001100011011
0110001110011011011
pass
total_via_vertical_diff: 1
total density: 110
hello print_shape
MM4     MM4     MM3     MM2             MM5     MM5     MM6     MM6     
--
MM11    MM11    MM0     MM1             MM10    MM10    MM9     MM9     
VSS     A       net015  net015  A       VSS     VSS     A       net43   net43   B       net29   ------------------------net015  B       VSS     VSS     B       net015  net015  net29   Y       Y       net29   net015  
--
VDD     A       net041  net041  A       VDD     VDD     A       net29   net29   B       VDD     ------------------------Y       B       net041  net041  B       Y       Y       net29   VDD     VDD     net29   Y       
VSS     A       net015  A       VSS     A       net43   B       net29   Null    net015  B       VSS     B       net015  net29   Y       net29   net015  

VDD     A       net041  A       VDD     A       net29   B       VDD     Null    Y       B       net041  B       Y       net29   VDD     net29   Y       

成功建立檔案：results/XNOR2x1.plmt
max_cols: 9
Generated results/XNOR2x1.plmt
Time taken : 0.75346 seconds
